==3099== Memcheck, a memory error detector
==3099== Copyright (C) 2002-2022, and GNU GPL'd, by Julian Seward et al.
==3099== Using Valgrind-3.22.0 and LibVEX; rerun with -h for copyright info
==3099== Command: ./a.out 2
==3099== 
==3099== Invalid free() / delete / delete[] / realloc()
==3099==    at 0x484BFA4: operator delete[](void*) (in /usr/libexec/valgrind/vgpreload_memcheck-amd64-linux.so)
==3099==    by 0x1091F7: main (double_delete_check_valgrind.cpp:14)
==3099==  Address 0x4e290c0 is 0 bytes inside a block of size 400 free'd
==3099==    at 0x484BFA4: operator delete[](void*) (in /usr/libexec/valgrind/vgpreload_memcheck-amd64-linux.so)
==3099==    by 0x1091E4: main (double_delete_check_valgrind.cpp:13)
==3099==  Block was alloc'd at
==3099==    at 0x48485C3: operator new[](unsigned long) (in /usr/libexec/valgrind/vgpreload_memcheck-amd64-linux.so)
==3099==    by 0x1091B7: main (double_delete_check_valgrind.cpp:7)
==3099== 
This is the code to understand the valgrind 
==3099== 
==3099== HEAP SUMMARY:
==3099==     in use at exit: 4,000 bytes in 1 blocks
==3099==   total heap usage: 4 allocs, 4 frees, 82,224 bytes allocated
==3099== 
==3099== LEAK SUMMARY:
==3099==    definitely lost: 4,000 bytes in 1 blocks
==3099==    indirectly lost: 0 bytes in 0 blocks
==3099==      possibly lost: 0 bytes in 0 blocks
==3099==    still reachable: 0 bytes in 0 blocks
==3099==         suppressed: 0 bytes in 0 blocks
==3099== Rerun with --leak-check=full to see details of leaked memory
==3099== 
==3099== For lists of detected and suppressed errors, rerun with: -s
==3099== ERROR SUMMARY: 1 errors from 1 contexts (suppressed: 0 from 0)
