==3072== Memcheck, a memory error detector
==3072== Copyright (C) 2002-2022, and GNU GPL'd, by Julian Seward et al.
==3072== Using Valgrind-3.22.0 and LibVEX; rerun with -h for copyright info
==3072== Command: ./a.out 2
==3072== 
This is the code to understand the valgrind 
==3072== 
==3072== HEAP SUMMARY:
==3072==     in use at exit: 4,000 bytes in 1 blocks
==3072==   total heap usage: 4 allocs, 3 frees, 82,224 bytes allocated
==3072== 
==3072== LEAK SUMMARY:
==3072==    definitely lost: 4,000 bytes in 1 blocks
==3072==    indirectly lost: 0 bytes in 0 blocks
==3072==      possibly lost: 0 bytes in 0 blocks
==3072==    still reachable: 0 bytes in 0 blocks
==3072==         suppressed: 0 bytes in 0 blocks
==3072== Rerun with --leak-check=full to see details of leaked memory
==3072== 
==3072== For lists of detected and suppressed errors, rerun with: -s
==3072== ERROR SUMMARY: 0 errors from 0 contexts (suppressed: 0 from 0)
